
> tca-irr-app@1.0.0 build
> next build

   ▲ Next.js 15.3.3
   - Environments: .env.production

